miron@MIRONYCH:~/proj/ITROBOC$ git status
On branch main
Your branch is ahead of 'origin/main' by 1 commit.
  (use "git push" to publish your local commits)

nothing to commit, working tree clean
miron@MIRONYCH:~/proj/ITROBOC$ git push
Enumerating objects: 4, done.
Counting objects: 100% (4/4), done.
Delta compression using up to 16 threads
Compressing objects: 100% (3/3), done.
Writing objects: 100% (3/3), 1.13 KiB | 1.13 MiB/s, done.
Total 3 (delta 1), reused 0 (delta 0), pack-reused 0
remote: Resolving deltas: 100% (1/1), completed with 1 local object.
To https://github.com/KotBasilio/ITROBOC.git
   ee05444..480821a  main -> main
miron@MIRONYCH:~/proj/ITROBOC$ git status
On branch main
Your branch is up to date with 'origin/main'.

nothing to commit, working tree clean